1.
Command:
$ git clone ~eggert/src/gnu/diffutils
Cloning into 'diffutils'...
done.

2.
Commands:
$ touch git-log.txt
$ cd diffutils
$ git log >~/git-log.txt
$ cd ~
$ emacs git-log.txt
###Create file, change directory,
use the log command.
Last use emacs to check what is inside

3.
Commands:
$ cd diffutils
$ git tag >~/git-tags.txt
$ cd ~
$ emacs git-tags.txt
v2.7
v2.8
v2.8.3
v2.8.4
v2.8.6
v2.8.7
v2.9
v3.0
v3.1
v3.2
v3.3
v3.4
v3.5
v3.6
###Firts change directory into the diffutils
Then use tag command and put the output into
the file git-tags.
Last, use emacs to check what is inside..

4.
Commands:
$ git log --all --grep='maint: q'
commit 62ca21c8c1a5aa3488589dcb191a4ef04ae9ed4f
Author: Paul Eggert <eggert@cs.ucla.edu>
Date:   Wed Jan 25 23:46:16 2012 -0800

    maint: quote 'like this' or "like this", not `like this'
    
    This is in response to a recent change in the GNU coding standards,
    which now suggest quoting 'like this' or "like this", instead of
    `like this' or ``like this''.
    * HACKING, NEWS, README, README-hacking, TODO, doc/diagmeet.note:
    * doc/diffutils.texi, ms/config.bat, ms/config.site:
    * src/analyze.c, src/cmp.c, src/context.c, src/diff.c:
    * src/diff.h, src/diff3.c, src/dir.c, src/ifdef.c, src/io.c:
    * src/sdiff.c, src/side.c, src/system.h, src/util.c:
    * tests/help-version:
    Quote 'like this' or "like this" in commentary.
    * cfg.mk (old_NEWS_hash): Adjust to reflect new NEWS quoting.
    * man/help2man: Update to 1.40.4 version, with quoting fixed as above.
    * po/en.po: Remove translation involving `, as it's no longer needed.
    * src/cmp.c (try_help, specify_ignore_initial, usage, main):
    * src/diff.c (main, try_help, option_help_msgid, specify_value)
    (compare_files):
    * src/diff3.c (main, try_help, option_help_msgid, usage)
    (read_diff):
    * src/dir.c (compare_names):
    * src/sdiff.c (try_help, usage, check_child_status, main):
    * src/util.c (finish_output):
    * tests/help-version:
    Quote 'like this' in output.
$ man git
$ git format-patch -1 62ca21c8c1a5aa3488589dcb191a4ef04ae9ed4f \
    	--stdout >quote-patch.txt
$ cd ~
$ emacs quote-patch.txt
###This is to get the commit with maint: quote into
the right file. Note that I used grep='maint: q' here
instead grep='maint' because the latter one produces
very messy results.

5.
Commands:
$ git checkout v3.0
Note: checking out 'v3.0'.

You are in 'detached HEAD' state. You can look around, make experimental
changes and commit them, and you can discard any commits you make in this
state without impacting any branches by performing another checkout.

If you want to create a new branch to retain commits you create, you may
do so (now or later) by using -b with the checkout command again. Example:

  git checkout -b <new-branch-name>

HEAD is now at 022cd5c... version 3.0

6.
Commands:
$ patch -p1 <quote-patch.txt

patching file src/diff.c
Hunk #1 succeeded at 40 with fuzz 2 (offset -2 lines).
Hunk #2 succeeded at 57 (offset -2 lines).
Hunk #3 succeeded at 92 (offset -2 lines).
Hunk #4 succeeded at 330 (offset -10 lines).
Hunk #5 succeeded at 505 (offset -10 lines).
Hunk #6 succeeded at 534 (offset -10 lines).
Hunk #7 succeeded at 585 (offset -14 lines).
Hunk #8 succeeded at 744 (offset -14 lines).
Hunk #9 succeeded at 826 (offset -14 lines).
Hunk #10 FAILED at 876.
Hunk #11 FAILED at 906.
Hunk #12 FAILED at 942.

patching file src/diff3.c
Hunk #1 succeeded at 35 (offset 1 line).
Hunk #2 succeeded at 159 (offset 1 line).
Hunk #3 succeeded at 316 (offset 1 line).
Hunk #4 succeeded at 351 (offset 1 line).
Hunk #5 succeeded at 412 (offset 1 line).
Hunk #6 FAILED at 433.
Hunk #7 succeeded at 460 with fuzz 2 (offset -18 lines).
Hunk #8 succeeded at 1275 (offset -18 lines).
Hunk #9 succeeded at 1475 (offset -18 lines).
1 out of 9 hunks FAILED -- saving rejects to file src/diff3.c.rej

7.
Commands:
$ git status
HEAD detached at v3.0
Changes not staged for commit:
  (use "git add <file>..." to update what will be committed)
  (use "git checkout -- <file>..." to discard changes in working directory)

	modified:   NEWS
	modified:   README
	modified:   TODO
	modified:   doc/diagmeet.note
	modified:   ms/config.bat
	modified:   ms/config.site
	modified:   po/en.po
	modified:   src/analyze.c
	modified:   src/cmp.c
	modified:   src/context.c
	modified:   src/diff.c
	modified:   src/diff.h
	modified:   src/diff3.c
	modified:   src/dir.c
	modified:   src/ifdef.c
	modified:   src/io.c
	modified:   src/sdiff.c
	modified:   src/side.c
	modified:   src/system.h
	modified:   src/util.c
	modified:   tests/help-version

Untracked files:
  (use "git add <file>..." to include in what will be committed)

	0001-maint-quote-like-this-or-like-this-not-like-this.patch
	NEWS.orig
	README-hacking.orig
	README-hacking.rej
	README.orig
	README.rej
	cfg.mk.orig
	cfg.mk.rej
	ms/config.site.orig
	quote-patch.txt
	src/cmp.c.orig
	src/context.c.orig
	src/diff.c.orig
	src/diff.c.rej
	src/diff.h.orig
	src/diff3.c.orig
	src/diff3.c.rej
	src/dir.c.orig
	src/sdiff.c.orig
	src/system.h.orig
	src/util.c.orig
	tests/help-version.orig

no changes added to commit (use "git add" and/or "git commit -a")

8.
vc-diff (C-x v =):
Compare the work files in the current VC fileset with the
versions you started from (vc-diff).
vc-revert (C-x v u):
Revert the work file(s) in the current VC
fileset to the last revision (vc-revert).
diff-apply-hunk:
Apply this hunk to its target file (diff-apply-hunk).
With a prefix argument of C-u, revert this hunk.
diff-goto-source:
Go to the source file and line corresponding to
this hunk (diff-goto-source).

9.
$ emacs README
C-x v u yes

$ emacs TODO
C-x v u	yes

$ emacs NEWS
C-x v u yes

$ emacs doc/diagmeet.note
C-x v u yes

$ emacs ms/config.bat
C-x v u yes

$ emacs ms/config.site
C-x v u yes

$ emacs po/en.po
C-x v u yes

$ emacs src/diff.h
C-x v u yes

$ emacs src/system.h
C-x v u yes

$ emacs tests/help-version
C-x v u yes

###For simplicity, I did not write the
keystrokes for quitting emacs above.
Just for completion, the keystroke to quit
emacs are C-x C-c.
###The filenames need reversion here is based on
the previous question's output.

$ emacs src/analyze.c
C-x v =
C-u C-c C-a yes
for several times

$ emacs src/cmp.c
C-x v =
C-u C-c	C-a
for several times

$ emacs src/context.c
C-x v =
C-u C-c C-a
for several times

$ emacs src/diff.c
C-x v =
C-u C-c C-a

$ emacs src/diff3.c
C-x v =
C-u C-c C-a

$ emacs src/dir.c
C-x v =
C-u C-c C-a

$ emacs src/ifdef.c
C-x v =
C-u C-c C-a

$ emacs src/io.c
C-x v =
C-u C-c C-a

$ emacs src/sdiff.c
C-x v =
C-u C-c C-a

$ emacs src/side.c
C-x v =
C-u C-c C-a

$ emacs src/util.c
C-x v =
C-u C-c C-a

##Above documents the process and commands
I used for the .c files

10.
Commands:
$ emacs src/*.c.rej
$ cd src
$ find *.c.rej
diff3.c.rej
diff.c.rej

###Now the big idea:
Use C-s search for each rejected sentence/phrase/word,
and change them manually bu hand according to .c.rej

11.
Commands:
$ cp quote-patch.txt ~/quote-patch.txt
$ git clean -f
Removing 0001-maint-quote-like-this-or-like-this-not-like-this.patch
Removing NEWS.orig
Removing README-hacking.orig
Removing README-hacking.rej
Removing README.orig
Removing README.rej
Removing cfg.mk.orig
Removing cfg.mk.rej
Removing ms/config.site.orig
Removing quote-patch.txt
Removing src/#analyze.c#
Removing src/#diff3.c.rej#
Removing src/#sdiff.c#
Removing src/cmp.c.orig
Removing src/context.c.orig
Removing src/diff.c.orig
Removing src/diff.c.rej
Removing src/diff.h.orig
Removing src/diff3.c.orig
Removing src/diff3.c.rej
Removing src/dir.c.orig
Removing src/sdiff.c.orig
Removing src/system.h.orig
Removing src/util.c.orig
Removing tests/help-version.orig

## first save the quote-patch.txt to home directory
since I will need to submit that later

12.
$ git status
HEAD detached at v3.0
Changes not staged for commit:
  (use "git add <file>..." to update what will be committed)
  (use "git checkout -- <file>..." to discard changes in working directory)

	modified:   src/cmp.c
	modified:   src/diff.c
	modified:   src/diff3.c
	modified:   src/dir.c
	modified:   src/sdiff.c
	modified:   src/side.c
	modified:   src/util.c

no changes added to commit (use "git add" and/or "git commit -a")
$ git diff >quote-3.0-patch.txt
$ wc -l quote-3.0-patch.txt
361 quote-3.0-patch.txt

###Do as the spec says.
###and the output is between 300 and 400 lines indeed

13.
Commands:
$ ./bootstrap
$ ./configure
$ make
$ make check
$ diff . -
diff: cannot compare '-' to a directory
$ diff --help

###For simplicity and readability, I will not include
the output of above commands here. But just to note that all quotations
are now in the right form in the output on the computer screen when
using "--help".

14.
Commands:
$ cd..
$ mkdir diffutils-3.0
$ mkdir diffutils-3.0-patch
$ cp diffutils/src/*.c diffutils-3.0-patch
$ git clone https://git.savannah.gnu.org/git/diffutils.git diffutils-3.0
Cloning into 'diffutils-3.0'...
remote: Counting objects: 5245, done.
remote: Compressing objects: 100% (1406/1406), done.
remote: Total 5245 (delta 3776), reused 5245 (delta 3776)
Receiving objects: 100% (5245/5245), 1.52 MiB | 995.00 KiB/s, done.
Resolving deltas: 100% (3776/3776), done.
Checking connectivity... done.
$ ./diffutils/src/diff -pru diffutils-3.0 diffutils-3.0-patch
  		       >quote-3.0-test.txt

###Basically I am just compiling as the spec says.
And then I used my version of diff
to produce the required files



15.
Commands:
$ diff -u quote-3.0-test.txt diffutils/quote-3.0-patch.txt
--- quote-3.0-test.txt	     2019-11-14 11:43:10.130858000 -0800
+++ diffutils/quote-3.0-patch.txt	2019-11-14 11:15:33.248499000 -0800
@@ -1,44 +1,361 @@
-Only in diffutils-3.0-patch: analyze.c
-Only in diffutils-3.0: AUTHORS
-Only in diffutils-3.0: bootstrap
-Only in diffutils-3.0: bootstrap.conf
-Only in diffutils-3.0: cfg.mk
-Only in diffutils-3.0: ChangeLog-2008
-Only in diffutils-3.0-patch: cmp.c
-Only in diffutils-3.0: configure.ac
-Only in diffutils-3.0-patch: context.c
-Only in diffutils-3.0: COPYING
-Only in diffutils-3.0-patch: diff3.c
-Only in diffutils-3.0-patch: diff.c
-Only in diffutils-3.0-patch: dir.c
-Only in diffutils-3.0: dist-check.mk
-Only in diffutils-3.0: doc
-Only in diffutils-3.0-patch: ed.c
-Only in diffutils-3.0: exgettext
-Only in diffutils-3.0: .git
-Only in diffutils-3.0: .gitignore
-Only in diffutils-3.0: .gitmodules
-Only in diffutils-3.0: gl
-Only in diffutils-3.0: gnulib
-Only in diffutils-3.0: gnulib-tests
-Only in diffutils-3.0: HACKING
-Only in diffutils-3.0-patch: ifdef.c
-Only in diffutils-3.0: init.cfg
-Only in diffutils-3.0-patch: io.c
-Only in diffutils-3.0: lib
-Only in diffutils-3.0: Makefile.am
-Only in diffutils-3.0: man
-Only in diffutils-3.0: NEWS
-Only in diffutils-3.0-patch: normal.c
-Only in diffutils-3.0: po
-Only in diffutils-3.0: .prev-version
-Only in diffutils-3.0: README
-Only in diffutils-3.0: README-hacking
-Only in diffutils-3.0: scripts
-Only in diffutils-3.0-patch: sdiff.c
-Only in diffutils-3.0-patch: side.c
-Only in diffutils-3.0: src
-Only in diffutils-3.0: tests
-Only in diffutils-3.0: THANKS
-Only in diffutils-3.0: TODO
-Only in diffutils-3.0-patch: util.c
+diff --git a/src/cmp.c b/src/cmp.c
+index 2455dc4..e19f013 100644
+--- a/src/cmp.c
++++ b/src/cmp.c
+@@ -115,7 +115,7 @@ try_help (char const *reason_msgid, char const *operand)
+   if (reason_msgid)
+     error (0, 0, _(reason_msgid), operand);
+   error (EXIT_TROUBLE, 0,
+-   _("Try `%s --help' for more information."), program_name);
++    _("Try '%s --help' for more information."), program_name);
+   abort ();
+ }
+
+@@ -134,7 +134,7 @@ specify_ignore_initial (int f, char **argptr, char delimiter)
+   if (! (e == LONGINT_OK
+    || (e == LONGINT_INVALID_SUFFIX_CHAR && **argptr == delimiter))
+       || TYPE_MAXIMUM (off_t) < val)
+-    try_help ("invalid --ignore-initial value `%s'", arg);
++    try_help ("invalid --ignore-initial value '%s'", arg);
+   if (ignore_initial[f] < val)
+     ignore_initial[f] = val;
+ }
+@@ -185,7 +185,7 @@ usage (void)
+     _("SKIP values may be followed by the following multiplicative suffixes:\n\
+ kB 1000, K 1024, MB 1,000,000, M 1,048,576,\n\
+ GB 1,000,000,000, G 1,073,741,824, and so on for T, P, E, Z, Y."),
+-     _("If a FILE is `-' or missing, read standard input."),
++       _("If a FILE is '-' or missing, read standard input."),
+ 	   _("Exit status is 0 if inputs are the same, 1 if different, 2 if trouble."));
+   emit_bug_reporting_address ();
+ }
+@@ -231,7 +231,7 @@ main (int argc, char **argv)
+   {
+     uintmax_t n;
+       if (xstrtoumax (optarg, 0, 0, &n, valid_suffixes) != LONGINT_OK)
+-	    try_help ("invalid --bytes value `%s'", optarg);
++	        try_help ("invalid --bytes value '%s'", optarg);
+ 		  if (n < bytes)
+ 		      bytes = n;
+ 		      }
+@@ -257,7 +257,7 @@ main (int argc, char **argv)
+       }
+
+   if (optind == argc)
+-    try_help ("missing operand after `%s'", argv[argc - 1]);
++    try_help ("missing operand after '%s'", argv[argc - 1]);
+
+   file[0] = argv[optind++];
+   file[1] = optind < argc ? argv[optind++] : "-";
+@@ -269,7 +269,7 @@ main (int argc, char **argv)
+     }
+
+   if (optind < argc)
+-    try_help ("extra operand `%s'", argv[optind]);
++    try_help ("extra operand '%s'", argv[optind]);
+
+   for (f = 0; f < 2; f++)
+     {
+diff --git a/src/diff.c b/src/diff.c
+index cc1b611..20cfce9 100644
+--- a/src/diff.c
++++ b/src/diff.c
+@@ -1,4 +1,4 @@
+-/* diff - compare files line by line
++/* diff - compare files lin by line
+
+    Copyright (C) 1988-1989, 1992-1994, 1996, 1998, 2001-2002, 2004, 2006-2007,
+    2009-2010 Free Software Foundation, Inc.
+@@ -92,13 +92,13 @@ enum { binary = true };
+
+ /* When comparing directories, if a file appears only in one
+    directory, treat it as present but empty in the other (-N).
+-   Then `patch' would create the file with appropriate contents.  */
++   Then 'patch' would create the file with appropriate contents.  */
+ static bool new_file;
+
+ /* When comparing directories, if a file appears only in the second
+    directory of the two, treat it as present but empty in the other
+    (--unidirectional-new-file).
+-   Then `patch' would create the file with appropriate contents.  */
++   Then 'patch' would create the file with appropriate contents.  */
+ static bool unidirectional_new_file;
+
+ /* Report files compared that are the same (-s).
+@@ -330,7 +330,7 @@ main (int argc, char **argv)
+         {
+		numval = strtoumax (optarg, &numend, 10);
+ 		       if (*numend)
+-		       	    try_help ("invalid context length `%s'", optarg);
++			    	       try_help ("invalid context length '%s'", optarg);
+ 				       		if (LIN_MAX < numval)
+ 						     numval = LIN_MAX;
+ 						           }
+@@ -505,7 +505,7 @@ main (int argc, char **argv)
+   case 'W':
+     numval = strtoumax (optarg, &numend, 10);
+       if (! (0 < numval && numval <= SIZE_MAX) || *numend)
+-	    try_help ("invalid width `%s'", optarg);
++	        try_help ("invalid width '%s'", optarg);
+ 		  if (width != numval)
+ 		      {
+ 		            if (width)
+@@ -534,7 +534,7 @@ main (int argc, char **argv)
+   case HORIZON_LINES_OPTION:
+     numval = strtoumax (optarg, &numend, 10);
+       if (*numend)
+-	    try_help ("invalid horizon length `%s'", optarg);
++	        try_help ("invalid horizon length '%s'", optarg);
+ 		  horizon_lines = MAX (horizon_lines, MIN (numval, LIN_MAX));
+ 		    break;
+
+@@ -585,7 +585,7 @@ main (int argc, char **argv)
+   case TABSIZE_OPTION:
+     numval = strtoumax (optarg, &numend, 10);
+       if (! (0 < numval && numval <= SIZE_MAX) || *numend)
+-	    try_help ("invalid tabsize `%s'", optarg);
++	        try_help ("invalid tabsize '%s'", optarg);
+ 		  if (tabsize != numval)
+ 		      {
+ 		            if (tabsize)
+@@ -744,9 +744,9 @@ main (int argc, char **argv)
+     if (argc - optind != 2)
+         {
+ 	        if (argc - optind < 2)
+-		   try_help ("missing operand after `%s'", argv[argc - 1]);
++		   	    try_help ("missing operand after '%s'", argv[argc - 1]);
+ 			          else
+-					try_help ("extra operand `%s'", argv[optind + 2]);
++						 try_help ("extra operand '%s'", argv[optind + 2]);
+ 						     }
+
+	  exit_status = compare_files (NULL, argv[optind], argv[optind + 1]);
+@@ -826,7 +826,7 @@ try_help (char const *reason_msgid, char const *operand)
+ {
+   if (reason_msgid)
+     error (0, 0, _(reason_msgid), operand);
+-  error (EXIT_TROUBLE, 0, _("Try `%s --help' for more information."),
++  error (EXIT_TROUBLE, 0, _("Try '%s --help' for more information."),
+    program_name);
+   abort ();
+ }
+@@ -870,11 +870,11 @@ static char const * const option_help_msgid[] = {
+   -W NUM  --width=NUM  Output at most NUM (default 130) print columns.\n\
+   --left-column  Output only the left column of common lines.\n\
+   --suppress-common-lines  Do not output common lines."),
+-  N_("-D NAME  --ifdef=NAME  Output merged file to show `#ifdef NAME' diffs."),
++  N_("-D, --ifdef=NAME                output merged file with `#ifdef NAME' diffs"),
+   N_("--GTYPE-group-format=GFMT  Similar, but format GTYPE input groups with GFMT."),
+   N_("--line-format=LFMT  Similar, but format all input lines with LFMT."),
+   N_("--LTYPE-line-format=LFMT  Similar, but format LTYPE input lines with LFMT."),
+-  N_("  LTYPE is `old', `new', or `unchanged'.  GTYPE is LTYPE or `changed'."),
++  N_("  LTYPE is 'old', 'new', or 'unchanged'.  GTYPE is LTYPE or 'changed'."),
+   N_("  GFMT may contain:\n\
+     %<  lines from FILE1\n\
+     %>  lines from FILE2\n\
+@@ -895,7 +895,7 @@ static char const * const option_help_msgid[] = {
+     %c'C'  the single character C\n\
+     %c'\\OOO'  the character with octal code OOO"),
+   "",
+-  N_("-l  --paginate  Pass the output through `pr' to paginate it."),
++  N_("-l, --paginate                pass output through 'pr' to paginate it"),
+   N_("-t  --expand-tabs  Expand tabs to spaces in output."),
+   N_("-T  --initial-tab  Make tabs line up by prepending a tab."),
+   N_("--tabsize=NUM  Tab stops are every NUM (default 8) print columns."),
+@@ -918,9 +918,9 @@ static char const * const option_help_msgid[] = {
+   N_("-v  --version  Output version info."),
+   N_("--help  Output this help."),
+   "",
+-  N_("FILES are `FILE1 FILE2' or `DIR1 DIR2' or `DIR FILE...' or `FILE... DIR'."),
++  N_("FILES are 'FILE1 FILE2' or 'DIR1 DIR2' or 'DIR FILE...' or 'FILE... DIR'."),
+   N_("If --from-file or --to-file is given, there are no restrictions on FILES."),
+-  N_("If a FILE is `-', read standard input."),
++  N_("If a FILE is '-', read standard input."),
+   N_("Exit status is 0 if inputs are the same, 1 if different, 2 if trouble."),
+   0
+ };
+@@ -960,7 +960,7 @@ specify_value (char const **var, char const *value, char const *option)
+ {
+   if (*var && strcmp (*var, value) != 0)
+     {
+-      error (0, 0, _("conflicting %s option value `%s'"), option, value);
++      error (0, 0, _("conflicting %s option value '%s'"), option, value);
+       try_help (NULL, NULL);
+     }
+   *var = value;
+@@ -1159,7 +1159,7 @@ compare_files (struct comparison const *parent,
+   = dir_file_pathname (dir, last_component (fnm));
+
+       if (STREQ (fnm, "-"))
+-	fatal ("cannot compare `-' to a directory");
++	fatal ("cannot compare '-' to a directory");
+
+       if (stat (filename, &cmp.file[dir_arg].stat) != 0)
+ 	{
+diff --git a/src/diff3.c b/src/diff3.c
+index 0f11fdc..b403f01 100644
+--- a/src/diff3.c
++++ b/src/diff3.c
+@@ -316,9 +316,9 @@ main (int argc, char **argv)
+   if (argc - optind != 3)
+     {
+       if (argc - optind < 3)
+-	try_help ("missing operand after `%s'", argv[argc - 1]);
++	try_help ("missing operand after '%s'", argv[argc - 1]);
+       else
+-	try_help ("extra operand `%s'", argv[optind + 3]);
++	try_help ("extra operand '%s'", argv[optind + 3]);
+     }
+
+   file = &argv[optind];
+@@ -351,7 +351,7 @@ main (int argc, char **argv)
+    file instead.  */
+       common = 3 - common;
+       if (STREQ (file[0], "-") || STREQ (file[common], "-"))
+-	fatal ("`-' specified for more than one input file");
++	fatal ("'-' specified for more than one input file");
+     }
+
+   mapping[0] = 0;
+@@ -412,7 +412,7 @@ try_help (char const *reason_msgid, char const *operand)
+   if (reason_msgid)
+     error (0, 0, _(reason_msgid), operand);
+   error (EXIT_TROUBLE, 0,
+-   _("Try `%s --help' for more information."), program_name);
++    _("Try '%s --help' for more information."), program_name);
+   abort ();
+ }
+
+@@ -435,7 +435,7 @@ static char const * const option_help_msgid[] = {
+   "",
+   N_("-m  --merge  Output merged file instead of ed script (default -A)."),
+   N_("-L LABEL  --label=LABEL  Use LABEL instead of file name."),
+-  N_("-i  Append `w' and `q' commands to ed scripts."),
++  N_("-i                          append 'w' and 'q' commands to ed scripts"),
+   N_("-a  --text  Treat all files as text."),
+   N_("--strip-trailing-cr  Strip trailing carriage return on input."),
+   N_("-T  --initial-tab  Make tabs line up by prepending a tab."),
+@@ -460,7 +460,7 @@ usage (void)
+     else
+       putchar ('\n');
+   printf ("\n%s\n%s\n",
+-    _("If a FILE is `-', read standard input."),
++      _("If a FILE is '-', read standard input."),
+ 	  _("Exit status is 0 if successful, 1 if conflicts, 2 if trouble."));
+   emit_bug_reporting_address ();
+ }
+@@ -1275,12 +1275,12 @@ read_diff (char const *filea,
+   if (EXIT_TROUBLE <= status)
+     error (EXIT_TROUBLE, werrno,
+        _(status == 126
+-	      ? "subsidiary program `%s' could not be invoked"
++	           ? "subsidiary program '%s' could not be invoked"
+ 		        : status == 127
+-			     ? "subsidiary program `%s' not found"
++			          ? "subsidiary program '%s' not found"
+ 				       : status == INT_MAX
+-				            ? "subsidiary program `%s' failed"
+-					         : "subsidiary program `%s' failed (exit status %d)"),
++						      ? "subsidiary program '%s' failed"
++						           : "subsidiary program '%s' failed (exit status %d)"),
+ 							      diff_program, status);
+
+   return diff_result + total;
+diff --git a/src/dir.c b/src/dir.c
+index 5b4eaec..5e08318 100644
+--- a/src/dir.c
++++ b/src/dir.c
+@@ -154,7 +154,7 @@ compare_names (char const *name1, char const *name2)
+   r = strcoll (name1, name2);
+       if (errno)
+ 	{
+-	  error (0, errno, _("cannot compare file names `%s' and `%s'"),
++	    error (0, errno, _("cannot compare file names '%s' and '%s'"),
+ 	    	   name1, name2);
+ 		     longjmp (failed_locale_specific_sorting, 1);
+ 		     }
+diff --git a/src/sdiff.c b/src/sdiff.c
+index 4344e8d..5bbecd8 100644
+--- a/src/sdiff.c
++++ b/src/sdiff.c
+@@ -175,7 +175,7 @@ try_help (char const *reason_msgid, char const *operand)
+ {
+   if (reason_msgid)
+     error (0, 0, _(reason_msgid), operand);
+-  error (EXIT_TROUBLE, 0, _("Try `%s --help' for more information."),
++  error (EXIT_TROUBLE, 0, _("Try '%s --help' for more information."),
+    program_name);
+   abort ();
+ }
+@@ -230,7 +230,7 @@ usage (void)
+     else
+       putchar ('\n');
+   printf ("\n%s\n%s\n",
+-    _("If a FILE is `-', read standard input."),
++      _("If a FILE is '-', read standard input."),
+ 	  _("Exit status is 0 if inputs are the same, 1 if different, 2 if trouble."));
+   emit_bug_reporting_address ();
+ }
+@@ -286,12 +286,12 @@ check_child_status (int werrno, int wstatus, int max_ok_status,
+     {
+       error (0, werrno,
+ 	     _(status == 126
+-	            ? "subsidiary program `%s' could not be invoked"
++		           ? "subsidiary program '%s' could not be invoked"
+ 			          : status == 127
+-				         ? "subsidiary program `%s' not found"
++					        ? "subsidiary program '%s' not found"
+ 						       : status == INT_MAX
+-						              ? "subsidiary program `%s' failed"
+-							             : "subsidiary program `%s' failed (exit status %d)"),
++								            ? "subsidiary program '%s' failed"
++									           : "subsidiary program '%s' failed (exit status %d)"),
+ 										        subsidiary_program, status);
+       exiterr ();
+     }
+@@ -572,9 +572,9 @@ main (int argc, char *argv[])
+   if (argc - optind != 2)
+     {
+       if (argc - optind < 2)
+-	try_help ("missing operand after `%s'", argv[argc - 1]);
++	try_help ("missing operand after '%s'", argv[argc - 1]);
+       else
+-	try_help ("extra operand `%s'", argv[optind + 2]);
++	try_help ("extra operand '%s'", argv[optind + 2]);
+     }
+
+   if (! output)
+diff --git a/src/side.c b/src/side.c
+index 6aa96a9..6efeeb3 100644
+--- a/src/side.c
++++ b/src/side.c
+@@ -302,7 +302,7 @@ print_sdiff_hunk (struct change *hunk)
+       next1 = first1 = j;
+     }
+
+-  /* Print ``     >  xxx '' lines */
++  /* Print "     >  xxx " lines.  */
+   if (changes & NEW)
+     {
+       for (j = first1; j <= last1; ++j)
+diff --git a/src/util.c b/src/util.c
+index 3be03e9..d18bf38 100644
+--- a/src/util.c
++++ b/src/util.c
+@@ -298,12 +298,12 @@ finish_output (void)
+       if (status)
+ 	error (EXIT_TROUBLE, werrno,
+ 	       _(status == 126
+-	       		 ? "subsidiary program `%s' could not be invoked"
++			    ? "subsidiary program '%s' could not be invoked"
+ 			       : status == 127
+-			       	  ? "subsidiary program `%s' not found"
++				     ? "subsidiary program '%s' not found"
+ 				        : status == INT_MAX
+-					   ? "subsidiary program `%s' failed"
+-					      : "subsidiary program `%s' failed (exit status %d)"),
++					      	 ? "subsidiary program '%s' failed"
++						    : "subsidiary program '%s' failed (exit status %d)"),
+ 						           pr_program, status);
+     }
+ 

